---
# Source: zeebe-benchmark/templates/benchmark-config.yaml
kind: ConfigMap
apiVersion: v1
metadata:
  name: benchmark-config
  labels:
    app.kubernetes.io/name: zeebe-benchmark
    app.kubernetes.io/instance: benchmark-test
    app.kubernetes.io/version: "8.2.5"
    app.kubernetes.io/managed-by: Helm
data:
  benchmark-config.yaml: |
    # Temporary override to fix ES url value coming from charts.
    camunda:
      data:
        secondary-storage:
          elasticsearch:
            url: "http://benchmark-test-elasticsearch:9200"
    camunda.database.retention.enabled: "true"
    camunda.database.retention.minimumAge: 0s
    camunda.database.retention.policyName: camunda-retention-policy
    camunda.flags.jfr.metrics: "true"
    camunda.operate.elasticsearch.numberOfShards: 3
    camunda.operate.importerEnabled: "false"
    camunda.tasklist.importerEnabled: "false"
    zeebe.broker.data.disk.freeSpace.processing: 3GB
    zeebe.broker.data.disk.freeSpace.replication: 2GB
    zeebe.broker.executionMetricsExporterEnabled: "true"
    zeebe.broker.experimental.consistencyChecks.enableForeignKeyChecks: "true"
    zeebe.broker.experimental.consistencyChecks.enablePreconditions: "true"
    zeebe.broker.experimental.rocksdb.memoryLimit: 64MB
    zeebe.broker.exporters.camundaexporter.args.history.elsRolloverDateFormat: yyyy-MM-dd-HH
    zeebe.broker.exporters.camundaexporter.args.history.retention.enabled: "true"
    zeebe.broker.exporters.camundaexporter.args.history.retention.minimumAge: 0s
    zeebe.broker.exporters.camundaexporter.args.history.retention.policyName: camunda-retention-policy
    zeebe.broker.exporters.camundaexporter.args.history.rolloverBatchSize: 300
    zeebe.broker.exporters.camundaexporter.args.history.rolloverInterval: 1h
    zeebe.broker.exporters.camundaexporter.args.history.waitPeriodBeforeArchiving: 1m
    zeebe.broker.flowControl.write.enabled: "true"
    zeebe.broker.flowControl.write.limit: 4000
    zeebe.broker.flowControl.write.throttling.enabled: "true"
    zeebe.gateway.monitoring.enabled: "true"
    zeebe.gateway.threads.managementThreads: "1"