---
# Source: zeebe-benchmark/charts/camunda-platform/templates/core/service.yaml
apiVersion: v1
kind: Service
metadata:
  name: camunda
  labels:
    app: camunda-platform
    app.kubernetes.io/name: camunda-platform
    app.kubernetes.io/instance: benchmark-test
    app.kubernetes.io/managed-by: Helm
    app.kubernetes.io/part-of: camunda-platform
    app.kubernetes.io/component: core
    app.kubernetes.io/version: "SNAPSHOT"
  annotations:
spec:
  clusterIP: None
  publishNotReadyAddresses: true
  type: ClusterIP
  ports:
    - port: 8080
      protocol: TCP
      name: http
    - port: 26502
      protocol: TCP
      name: internal
    - port: 26501
      protocol: TCP
      name: command
    - port: 9600
      protocol: TCP
      name: server
    - port: 26500
      protocol: TCP
      name: gateway
  selector:
    app: camunda-platform
    app.kubernetes.io/name: camunda-platform
    app.kubernetes.io/instance: benchmark-test
    app.kubernetes.io/managed-by: Helm
    app.kubernetes.io/part-of: camunda-platform
    app.kubernetes.io/component: core