---
# Source: zeebe-benchmark/templates/curator-cronjob.yaml
apiVersion: batch/v1
kind: CronJob
metadata:
  name: zeebe-benchmark-curator
  labels:
    app.kubernetes.io/name: zeebe-benchmark
    app.kubernetes.io/instance: benchmark-test
    app.kubernetes.io/version: "8.2.5"
    app.kubernetes.io/managed-by: Helm
spec:
  schedule: "0 * * * *"
  successfulJobsHistoryLimit: 1
  failedJobsHistoryLimit: 3
  concurrencyPolicy: Forbid
  startingDeadlineSeconds: 120
  jobTemplate:
    spec:
      template:
        spec:
          containers:
            - image: "bitnami/elasticsearch-curator-archived:5.8.4"
              name: curator
              args: ["--config", "/etc/config/config.yml", "/etc/config/action_file.yml"]
              volumeMounts:
                - name: config
                  mountPath: /etc/config
          volumes:
            - name: config
              configMap:
                name: camunda-platform-curator-config
                defaultMode: 0744
          restartPolicy: OnFailure