---
# Source: zeebe-benchmark/charts/prometheus-elasticsearch-exporter/templates/servicemonitor.yaml
apiVersion: monitoring.coreos.com/v1
kind: ServiceMonitor
metadata:
  name: benchmark-test-prometheus-elasticsearch-exporter
  labels:
    app.kubernetes.io/name: prometheus-elasticsearch-exporter
    app.kubernetes.io/instance: benchmark-test
    app.kubernetes.io/version: "v1.7.0"
    app.kubernetes.io/managed-by: Helm
    release: monitoring
spec:
  endpoints:
  - interval: 10s
    scrapeTimeout: 10s
    honorLabels: true
    port: http
    path: /metrics
    scheme: http
  jobLabel: benchmark-test
  selector:
    matchLabels:
      app.kubernetes.io/name: prometheus-elasticsearch-exporter
      app.kubernetes.io/instance: benchmark-test
  namespaceSelector:
    matchNames:
      - benchmark-test
  sampleLimit: 0