---
# Source: zeebe-benchmark/templates/credentials.yaml
apiVersion: v1
kind: Secret
metadata:
  name: benchmark-test-credentials
type: Opaque
stringData:
  clientId: clientId
  clientSecret: clientSecret
  zeebeAddress: zeebeAddress
  authServer: authServer