---
# Source: zeebe-benchmark/templates/leader-balancing-cron.yaml
apiVersion: batch/v1
kind: CronJob
metadata:
  name: leader-balancer
  labels:
    app.kubernetes.io/name: zeebe-benchmark
    app.kubernetes.io/instance: benchmark-test
    app.kubernetes.io/version: "8.2.3"
    app.kubernetes.io/managed-by: Helm
spec:
  schedule: "*/15 * * * *"
  successfulJobsHistoryLimit: 1
  failedJobsHistoryLimit: 3
  concurrencyPolicy: Forbid
  startingDeadlineSeconds: 120
  jobTemplate:
    spec:
      template:
        spec:
          containers:
            - image: "curlimages/curl:7.87.0"
              name: curl
              args: ["-L", "-v", "-X", "POST", "http://benchmark-test-zeebe-gateway:9600/actuator/rebalance"]
          restartPolicy: OnFailure