---
# Source: zeebe-benchmark/charts/camunda-platform/charts/operate/templates/deployment.yaml
apiVersion: apps/v1
kind: Deployment
metadata:
  name: benchmark-test-operate
  labels:
    app: camunda-platform
    app.kubernetes.io/name: operate
    app.kubernetes.io/instance: benchmark-test
    app.kubernetes.io/managed-by: Helm
    app.kubernetes.io/part-of: camunda-platform
    app.kubernetes.io/version: "8.2.8"
    app.kubernetes.io/component: operate
  annotations:
    {}
spec:
  replicas: 1
  selector:
    matchLabels:
      app: camunda-platform
      app.kubernetes.io/name: operate
      app.kubernetes.io/instance: benchmark-test
      app.kubernetes.io/managed-by: Helm
      app.kubernetes.io/part-of: camunda-platform
      app.kubernetes.io/component: operate
  template:
    metadata:
      labels:
        app: camunda-platform
        app.kubernetes.io/name: operate
        app.kubernetes.io/instance: benchmark-test
        app.kubernetes.io/managed-by: Helm
        app.kubernetes.io/part-of: camunda-platform
        app.kubernetes.io/version: "8.2.8"
        app.kubernetes.io/component: operate
    spec:
      imagePullSecrets:
        []
      containers:
      - name: operate
        image: "camunda/operate:8.2.8"
        imagePullPolicy: Always
        env:
          - name: SPRING_PROFILES_ACTIVE
            value: "auth"
          - name: OPERATE_LOG_APPENDER
            value: Stackdriver
          - name: OPERATE_LOG_STACKDRIVER_SERVICENAME
            value: operate
          - name: OPERATE_LOG_STACKDRIVER_SERVICEVERSION
            valueFrom:
              fieldRef:
                fieldPath: metadata.namespace
        resources:
          limits:
            cpu: 2000m
            memory: 2Gi
          requests:
            cpu: 600m
            memory: 400Mi
        ports:
        - containerPort: 8080
          name: http
          protocol: TCP
        readinessProbe:
          httpGet:
            path: /actuator/health/readiness
            scheme: HTTP
            port: http
          initialDelaySeconds: 30
          periodSeconds: 30
          successThreshold: 1
          failureThreshold: 5
          timeoutSeconds: 1
        volumeMounts:
        - name: config
          mountPath: /usr/local/operate/config/application.yml
          subPath: application.yml
      volumes:
      - name: config
        configMap:
          name: benchmark-test-operate
          defaultMode: 484