---
# Source: zeebe-benchmark/templates/zeebe-config.yaml
kind: ConfigMap
apiVersion: v1
metadata:
  name: zeebe-config
  labels:
    app.kubernetes.io/name: zeebe-benchmark
    app.kubernetes.io/instance: benchmark-test
    app.kubernetes.io/version: "8.1.2"
    app.kubernetes.io/managed-by: Helm
data: 
  application.yml: | 
    zeebe.broker.data.diskUsageCommandWatermark: "0.8"
    zeebe.broker.data.diskUsageReplicationWatermark: "0.9"
    zeebe.broker.execution.metrics.exporter.enabled: "true"
    zeebe.broker.experimental.consistencyChecks.enableForeignKeyChecks: "true"
    zeebe.broker.experimental.consistencyChecks.enablePreconditions: "true"
    zeebe.gateway.monitoring.enabled: "true"
    zeebe.gateway.threads.managementThreads: "1"